// Jest Snapshot v1, https://goo.gl/fbAQLP

exports[`matches snapshot 1`] = `
<div
  className="MuiPaper-root MuiCard-root MuiPaper-elevation1 MuiPaper-rounded"
  style={
    Object {
      "height": "520px",
    }
  }
>
  <button
    className="MuiButtonBase-root MuiCardActionArea-root"
    disabled={false}
    onBlur={[Function]}
    onDragLeave={[Function]}
    onFocus={[Function]}
    onKeyDown={[Function]}
    onKeyUp={[Function]}
    onMouseDown={[Function]}
    onMouseLeave={[Function]}
    onMouseUp={[Function]}
    onTouchEnd={[Function]}
    onTouchMove={[Function]}
    onTouchStart={[Function]}
    tabIndex={0}
    type="button"
  >
    <img
      className="MuiCardMedia-root MuiCardMedia-media MuiCardMedia-img"
      data-testid="item-img"
      height="300px"
      src="imgurl"
    />
    <div
      className="MuiCardContent-root"
      style={
        Object {
          "height": "120px",
        }
      }
    >
      <h2
        className="MuiTypography-root MuiTypography-h5 MuiTypography-gutterBottom"
        data-testid="item-name"
      >
        name
      </h2>
      <p
        className="MuiTypography-root MuiTypography-body2 MuiTypography-colorTextSecondary"
        data-testid="item-description"
      >
        description
      </p>
    </div>
    <span
      className="MuiCardActionArea-focusHighlight"
    />
  </button>
  <div
    className="MuiCardActions-root MuiCardActions-spacing"
  >
    <div
      className="MuiGrid-root MuiGrid-container MuiGrid-spacing-xs-2"
    >
      <div
        className="MuiGrid-root MuiGrid-item MuiGrid-grid-xs-8"
      >
        <button
          className="MuiButtonBase-root MuiButton-root MuiButton-text MuiButton-textPrimary MuiButton-textSizeLarge MuiButton-sizeLarge"
          disabled={false}
          onBlur={[Function]}
          onDragLeave={[Function]}
          onFocus={[Function]}
          onKeyDown={[Function]}
          onKeyUp={[Function]}
          onMouseDown={[Function]}
          onMouseLeave={[Function]}
          onMouseUp={[Function]}
          onTouchEnd={[Function]}
          onTouchMove={[Function]}
          onTouchStart={[Function]}
          tabIndex={0}
          type="button"
        >
          <span
            className="MuiButton-label"
          >
            Ver producto
          </span>
        </button>
      </div>
      <div
        className="MuiGrid-root MuiGrid-item MuiGrid-grid-xs-4"
      >
        <h4
          className="MuiTypography-root MuiTypography-h4"
          data-testid="item-price"
        >
          22
          â‚¬
        </h4>
      </div>
    </div>
  </div>
</div>
`;
